I a a a He am at at he in it it it of on so The and and but but for had not the the the the the was was was way been each ever find have home home road they this time trip when 2-day There about child color could found light never place their there there wasnt couple father handed should switch talked Shingle Sundays already finally fumbled looking roadmap someone darkness beginning explained something
