I a a He So at at be if in in it no of of to The You and and and for out sea the the the you Rock call fish full have high kind long look make pool some that them were fifty great heads juice music right skill think until would would points thanks trowel freaked Charisma Strength creative cucumber floating invested lockpick velocity yourself delighted mannequin approaches
