a a a At He an at at by go he he in in is it it no of of or to to to to The The did end few ice nor out pot she the the the the the the the was was was was was way Bear deep fish from gold have here keep keep lake long soft that they what Nancy Smoky There about cream fence fires found money music space space still store wasnt wasnt Flying living moment things things yellow colored freezer rainbow started station whether Although confused secretly supposed listening enthralled experience
