89 43 120 149 93 95 140 104 79 73 77 161 104 129 139 74 181 134 144 143 -84 150 45 83 132 52 143 47 115 78 145 94 114 41 110 19 144 113 158 82 89 114 40 77 96 40 79 80 119 106 
